// Jest Snapshot v1, https://goo.gl/fbAQLP

exports[`Test Error 404 component works 1`] = `
Object {
  "asFragment": [Function],
  "baseElement": <body>
    <div>
      <div
        class="ui placeholder segment"
      >
        <div
          class="ui icon header"
        >
          <i
            class="search icon"
          />
          <h1
            style="color: red; font-size: 40px;"
          >
             404 
          </h1>
          <h2>
            Sorry, we can't find the page you requested
          </h2>
          <h3>
            You may have clicked on a broken link or entered an incorrect URL
          </h3>
        </div>
        <br />
        <div
          class="inline"
        >
          <a
            class="ui button"
            href="/"
            id="home"
            role="button"
          >
            Home
          </a>
          <a
            class="ui button"
            id="home"
            role="button"
            to="/"
          >
            Back
          </a>
        </div>
      </div>
    </div>
  </body>,
  "container": <div>
    <div
      class="ui placeholder segment"
    >
      <div
        class="ui icon header"
      >
        <i
          class="search icon"
        />
        <h1
          style="color: red; font-size: 40px;"
        >
           404 
        </h1>
        <h2>
          Sorry, we can't find the page you requested
        </h2>
        <h3>
          You may have clicked on a broken link or entered an incorrect URL
        </h3>
      </div>
      <br />
      <div
        class="inline"
      >
        <a
          class="ui button"
          href="/"
          id="home"
          role="button"
        >
          Home
        </a>
        <a
          class="ui button"
          id="home"
          role="button"
          to="/"
        >
          Back
        </a>
      </div>
    </div>
  </div>,
  "debug": [Function],
  "findAllByAltText": [Function],
  "findAllByDisplayValue": [Function],
  "findAllByLabelText": [Function],
  "findAllByPlaceholderText": [Function],
  "findAllByRole": [Function],
  "findAllByTestId": [Function],
  "findAllByText": [Function],
  "findAllByTitle": [Function],
  "findByAltText": [Function],
  "findByDisplayValue": [Function],
  "findByLabelText": [Function],
  "findByPlaceholderText": [Function],
  "findByRole": [Function],
  "findByTestId": [Function],
  "findByText": [Function],
  "findByTitle": [Function],
  "getAllByAltText": [Function],
  "getAllByDisplayValue": [Function],
  "getAllByLabelText": [Function],
  "getAllByPlaceholderText": [Function],
  "getAllByRole": [Function],
  "getAllByTestId": [Function],
  "getAllByText": [Function],
  "getAllByTitle": [Function],
  "getByAltText": [Function],
  "getByDisplayValue": [Function],
  "getByLabelText": [Function],
  "getByPlaceholderText": [Function],
  "getByRole": [Function],
  "getByTestId": [Function],
  "getByText": [Function],
  "getByTitle": [Function],
  "queryAllByAltText": [Function],
  "queryAllByDisplayValue": [Function],
  "queryAllByLabelText": [Function],
  "queryAllByPlaceholderText": [Function],
  "queryAllByRole": [Function],
  "queryAllByTestId": [Function],
  "queryAllByText": [Function],
  "queryAllByTitle": [Function],
  "queryByAltText": [Function],
  "queryByDisplayValue": [Function],
  "queryByLabelText": [Function],
  "queryByPlaceholderText": [Function],
  "queryByRole": [Function],
  "queryByTestId": [Function],
  "queryByText": [Function],
  "queryByTitle": [Function],
  "rerender": [Function],
  "store": Object {
    "dispatch": [Function],
    "getState": [Function],
    "replaceReducer": [Function],
    "subscribe": [Function],
    Symbol(observable): [Function],
  },
  "unmount": [Function],
}
`;
