// Jest Snapshot v1, https://goo.gl/fbAQLP

exports[`Test Login component so it renders right 1`] = `
Object {
  "asFragment": [Function],
  "baseElement": <body>
    <div>
      <div
        id="wrapper"
      >
        <div
          id="login"
        >
          <h1>
            Login
          </h1>
          <form
            class="ui form"
            id="login-cont"
          >
            <div
              class="fields"
            >
              <div
                class="six wide field"
              >
                <div
                  class="ui fluid input"
                >
                  <input
                    name="username"
                    placeholder="Username"
                    type="text"
                  />
                </div>
              </div>
            </div>
            <div
              class="fields"
            >
              <div
                class="six wide field"
              >
                <div
                  class="ui fluid input"
                >
                  <input
                    autocomplete="off"
                    name="password"
                    placeholder="Password"
                    type="password"
                  />
                </div>
              </div>
            </div>
            <div
              class="fields"
              id="buttons"
            >
              <a
                href="/"
              >
                <div
                  class="field"
                >
                  <button
                    class="ui button"
                  >
                    Cancel
                  </button>
                </div>
              </a>
              <div
                class="field"
              >
                <button
                  class="ui button"
                  type="submit"
                >
                  Submit
                </button>
              </div>
            </div>
          </form>
        </div>
      </div>
    </div>
  </body>,
  "container": <div>
    <div
      id="wrapper"
    >
      <div
        id="login"
      >
        <h1>
          Login
        </h1>
        <form
          class="ui form"
          id="login-cont"
        >
          <div
            class="fields"
          >
            <div
              class="six wide field"
            >
              <div
                class="ui fluid input"
              >
                <input
                  name="username"
                  placeholder="Username"
                  type="text"
                />
              </div>
            </div>
          </div>
          <div
            class="fields"
          >
            <div
              class="six wide field"
            >
              <div
                class="ui fluid input"
              >
                <input
                  autocomplete="off"
                  name="password"
                  placeholder="Password"
                  type="password"
                />
              </div>
            </div>
          </div>
          <div
            class="fields"
            id="buttons"
          >
            <a
              href="/"
            >
              <div
                class="field"
              >
                <button
                  class="ui button"
                >
                  Cancel
                </button>
              </div>
            </a>
            <div
              class="field"
            >
              <button
                class="ui button"
                type="submit"
              >
                Submit
              </button>
            </div>
          </div>
        </form>
      </div>
    </div>
  </div>,
  "debug": [Function],
  "findAllByAltText": [Function],
  "findAllByDisplayValue": [Function],
  "findAllByLabelText": [Function],
  "findAllByPlaceholderText": [Function],
  "findAllByRole": [Function],
  "findAllByTestId": [Function],
  "findAllByText": [Function],
  "findAllByTitle": [Function],
  "findByAltText": [Function],
  "findByDisplayValue": [Function],
  "findByLabelText": [Function],
  "findByPlaceholderText": [Function],
  "findByRole": [Function],
  "findByTestId": [Function],
  "findByText": [Function],
  "findByTitle": [Function],
  "getAllByAltText": [Function],
  "getAllByDisplayValue": [Function],
  "getAllByLabelText": [Function],
  "getAllByPlaceholderText": [Function],
  "getAllByRole": [Function],
  "getAllByTestId": [Function],
  "getAllByText": [Function],
  "getAllByTitle": [Function],
  "getByAltText": [Function],
  "getByDisplayValue": [Function],
  "getByLabelText": [Function],
  "getByPlaceholderText": [Function],
  "getByRole": [Function],
  "getByTestId": [Function],
  "getByText": [Function],
  "getByTitle": [Function],
  "queryAllByAltText": [Function],
  "queryAllByDisplayValue": [Function],
  "queryAllByLabelText": [Function],
  "queryAllByPlaceholderText": [Function],
  "queryAllByRole": [Function],
  "queryAllByTestId": [Function],
  "queryAllByText": [Function],
  "queryAllByTitle": [Function],
  "queryByAltText": [Function],
  "queryByDisplayValue": [Function],
  "queryByLabelText": [Function],
  "queryByPlaceholderText": [Function],
  "queryByRole": [Function],
  "queryByTestId": [Function],
  "queryByText": [Function],
  "queryByTitle": [Function],
  "rerender": [Function],
  "store": Object {
    "dispatch": [Function],
    "getState": [Function],
    "replaceReducer": [Function],
    "subscribe": [Function],
    Symbol(observable): [Function],
  },
  "unmount": [Function],
}
`;
